mhldj
JO-Q
M,P(
V&F\
OWH,(H
KI-R
Q(-N
lS+D
rKm2
H+6:
'?=6ZGAG
$31'
~jniNbIj
c^JQ~f
~JbI
^NjIIf
~ZfNj
ZKKC
~~~~~ begin of mmap ~~~~~
6202
CS+#s+
hCc#Sc
KKC 
 6ZGAG
Tw .O
Z)$3E
+I-.)
)8@+
x0#*
Qjb1
x0"'
~~~~~ end of mmap ~~~~~[26346,26346][2026-06-07 +0800 15:33:05]
mdflb
JO-Q
M,P(
V&F\
OWH,(H
KI-R
Q(-N
P{))
H+6:
'?=6ZGAG
$31'
~jniNbIj
c^JQ~f
~JbI
^NjIIf
~ZfNj
~~~~~ begin of mmap ~~~~~
6202
CS+cc+
cAAl
Tw .O
4h@a7
Z)$3E
+I-.)
1)\N*
zs_lh=
rb[R
80%+
~~~~~ end of mmap ~~~~~[27210,27210][2026-06-07 +0800 15:35:12]
mdndh
JO-Q
M,P(
V&F\
OWH,(H
KI-R
Q(-N
nS+D
L,$8
@o-U
~jniNbIj
c^JQ~f
~JbI
^NjIIf
~ZfNj
~~~~~ begin of mmap ~~~~~
6202
CS+cS+Cc=c
Tw .O
Z)$3E
+I-.)
'H L.
x0'.
14412!*
8/XBs
0!."
`B7"'
x0'+
JC`K
~~~~~ end of mmap ~~~~~[28212,28212][2026-06-07 +0800 15:38:16]
mdadh
JO-Q
M,P(
V&F\
OWH,(H
KI-R
Q(-N
H+6:
'?=6ZGAG
$31'
nc} ~LM.
~~~~~ begin of mmap ~~~~~
6202
CS+c
+C3=ssK
cAAl
Tw .O
Z)$3E
+I-.)
^o~p
~~~~~ end of mmap ~~~~~[28629,28629][2026-06-07 +0800 15:41:11]
mdafd
JO-Q
M,P(
V&F\
OWH,(H
KI-R
Q(-N
,R(.HLNU
r2K*
H+6:
'?=6ZGAG
$31'
~jniNbIj
c^JQ~f
~JbI
^NjIIf
~ZfNj
BZ~QjzQ~i^
~~~~~ begin of mmap ~~~~~
6202
C+CC=3
cAAl
Tw .O
Z)$3E
+I-.)
T;6F
I,dsPE@
w<e%
x0".
klHV
:FDf
~~~~~ end of mmap ~~~~~[29099,29099][2026-06-07 +0800 15:42:33]
mdi`i
JO-Q
M,P(
OWH,(H
KI-R
Q(-N
lS+D
~jniNbIj
c^JQ~f
~JbI
^NjIIf
~ZfNj
BZ~QjzQ~i^
~~~~~ begin of mmap ~~~~~
6202
cAAl
Tw .O
4h@a7
Z)$3E
+I-.)
d[UB
mSUQ%
|MPy
0&.&
#P(YZ
~~~~~ end of mmap ~~~~~[29368,29368][2026-06-07 +0800 15:47:10]
mdilf
JO-Q
M,P(
V&F\
OWH,(H
KI-R
Q(-N
H+6:
'?=6ZGAG
$31'
~jniNbIj
c^JQ~f
~JbI
^NjIIf
~ZfNj
~~~~~ begin of mmap ~~~~~
6202
cAAl
Tw .O
z@a7
Z)$3E
+I-.)
h0&+
~~~~~ end of mmap ~~~~~[29750,29750][2026-06-07 +0800 15:50:47]
mdinj
JO-Q
M,P(
OWH,(H
KI-R
Q(-N
~jniNbIj
c^JQ~f
~JbI
^NjIIf
~ZfNj
BZ~QjzQ~i^
~~~~~ begin of mmap ~~~~~
6202
CS+S
=CCS
Tw .O
Z)$3E
+I-.)
ox]_
0'.&
~~~~~ end of mmap ~~~~~[30243,30243][2026-06-07 +0800 15:52:09]
ml`db
JO-Q
M,P(
V&F\
OWH,(H
KI-R
Q(-N
@P{)9
H+6:
'?=6ZGAG
$31'
~jniNbIj
c^JQ~f
~JbI
^NjIIf
~ZfNj
ZCPt
6202
CS+S#+C
h [!
X!3O!-
Tw .O
Z)$3E
+I-.)
4z;"d
ChxLB._
0%.&
z!CL
 A#sr
w,`y
0!.&
o&)y
fFde
)RB!
 af@Q
>tafel
gnbN
6202
CS+S3+c3=
 6ZGAG
/JM/
/-A6
~~~~~ begin of mmap ~~~~~
6202
CS+S3+SK=C
h [!
X!3O!-
~~~~~ end of mmap ~~~~~[30643,30643][2026-06-07 +0800 15:59:47]
ml`fb
JO-Q
M,P(
V&F\
OWH,(H
KI-R
Q(-N
"96 
~jniNbIj
c^JQ~f
~JbI
^NjIIf
~ZfNj
ZC`t
6202
CS+SK+
h [!
X!3O!-
Tw .O
9z@a7
Z)$3E
+I-.)
ZV(e
\.::
0&.&
6202
CS+SK+SS=S
 6ZGAG
/JM/
ml`in
JO-Q
M,P(
V&F\
OWH,(H
KI-R
Q(-N
=;a(-
H+6:
'?=6ZGAG
$31'
~jniNbIj
c^JQ~f
~JbI
^NjIIf
~ZfNj
ZC`tY
~~~~~ begin of mmap ~~~~~
6202
h [!
X!3O!-
Tw .O
Z)$3E
+I-.)
H0'.
~~~~~ end of mmap ~~~~~[32087,32087][2026-06-07 +0800 16:06:35]
mld`a
JO-Q
M,P(
V&F\
OWH,(H
KI-R
Q(-N
$iSXK
H+6:
'?=6ZGAG
$31'
~jniNbIj
c^JQ~f
~JbI
^NjIIf
~ZfNj
g-0"
6202
3+cS=
Tw .O
z@a7
Z)$3E
+I-.)
ox[^3
:MKk
o_O::
DF8k7:
0&.*
mldf`
JO-Q
M,P(
V&F\
OWH,(H
KI-R
Q(-N
6202
K=sS
hc#3
~jniNbIj
c^JQ~f
~JbI
^NjIIf
~ZfNj
~EN~:
6202
hc#3
 6ZGAG
/JM/
Tw .O
Z)$3E
+I-.)
:&j|L*._
0!.&
